// Jest Snapshot v1, https://goo.gl/fbAQLP

exports[`<MyComponet /> should render the heading 1`] = `
<main
  class=""
>
  <h1>
    MyComponet
  </h1>
</main>
`;
